// Jest Snapshot v1, https://goo.gl/fbAQLP

exports[`<FilmDetails /> should be rendered 1`] = `
<div>
  <Styled(img)
    src="https://image.tmdb.org/t/p/w500/ldoY4fTZkGISMidNw60GHoNdgP8.jpg"
  />
  <div>
    <Styled(h4)>
      Guardians of the Galaxy Vol. 3
      <Styled(span)>
        0
      </Styled(span)>
    </Styled(h4)>
    <Styled(div)>
      <span>
        2020
      </span>
      <span />
    </Styled(div)>
    <Styled(div)>
      The third film based on Marvel's Guardians of the Galaxy.
    </Styled(div)>
  </div>
</div>
`;
