// Jest Snapshot v1, https://goo.gl/fbAQLP

exports[`<ToggleGroup /> should be rendered 1`] = `
<Styled(div)>
  <Styled(label)>
    Sort
  </Styled(label)>
  <Styled(button)
    className="active"
    key="1"
    onClick={[Function]}
  >
    1
  </Styled(button)>
  <Styled(button)
    className=""
    key="2"
    onClick={[Function]}
  >
    2
  </Styled(button)>
  <Styled(button)
    className=""
    key="3"
    onClick={[Function]}
  >
    3
  </Styled(button)>
</Styled(div)>
`;
